Archive member included because of file (symbol)

m:/developing/codebench lite/bin/../lib/gcc/arm-none-eabi/4.8.1/armv6-m\libgcc.a(_thumb1_case_uqi.o)
                              ./system/src/stm32f0-stdperiph/stm32f0xx_rcc.o (__gnu_thumb1_case_uqi)
m:/developing/codebench lite/bin/../lib/gcc/arm-none-eabi/4.8.1/armv6-m\libgcc.a(_udivsi3.o)
                              ./system/src/stm32f0-stdperiph/stm32f0xx_rcc.o (__aeabi_uidiv)
m:/developing/codebench lite/bin/../lib/gcc/arm-none-eabi/4.8.1/armv6-m\libgcc.a(_divsi3.o)
                              ./src/algorithm.o (__aeabi_idiv)
m:/developing/codebench lite/bin/../lib/gcc/arm-none-eabi/4.8.1/armv6-m\libgcc.a(_dvmd_tls.o)
                              m:/developing/codebench lite/bin/../lib/gcc/arm-none-eabi/4.8.1/armv6-m\libgcc.a(_udivsi3.o) (__aeabi_idiv0)
m:/developing/codebench lite/bin/../lib/gcc/arm-none-eabi/4.8.1/armv6-m\libgcc.a(_arm_cmpsf2.o)
                              ./src/main.o (__aeabi_fcmplt)
m:/developing/codebench lite/bin/../lib/gcc/arm-none-eabi/4.8.1/armv6-m\libgcc.a(_fixunsdfsi.o)
                              ./src/main.o (__aeabi_d2uiz)
m:/developing/codebench lite/bin/../lib/gcc/arm-none-eabi/4.8.1/armv6-m\libgcc.a(eqsf2.o)
                              m:/developing/codebench lite/bin/../lib/gcc/arm-none-eabi/4.8.1/armv6-m\libgcc.a(_arm_cmpsf2.o) (__eqsf2)
m:/developing/codebench lite/bin/../lib/gcc/arm-none-eabi/4.8.1/armv6-m\libgcc.a(gesf2.o)
                              m:/developing/codebench lite/bin/../lib/gcc/arm-none-eabi/4.8.1/armv6-m\libgcc.a(_arm_cmpsf2.o) (__gesf2)
m:/developing/codebench lite/bin/../lib/gcc/arm-none-eabi/4.8.1/armv6-m\libgcc.a(lesf2.o)
                              m:/developing/codebench lite/bin/../lib/gcc/arm-none-eabi/4.8.1/armv6-m\libgcc.a(_arm_cmpsf2.o) (__lesf2)
m:/developing/codebench lite/bin/../lib/gcc/arm-none-eabi/4.8.1/armv6-m\libgcc.a(divdf3.o)
                              ./src/main.o (__aeabi_ddiv)
m:/developing/codebench lite/bin/../lib/gcc/arm-none-eabi/4.8.1/armv6-m\libgcc.a(muldf3.o)
                              ./src/main.o (__aeabi_dmul)
m:/developing/codebench lite/bin/../lib/gcc/arm-none-eabi/4.8.1/armv6-m\libgcc.a(subdf3.o)
                              m:/developing/codebench lite/bin/../lib/gcc/arm-none-eabi/4.8.1/armv6-m\libgcc.a(_fixunsdfsi.o) (__aeabi_dsub)
m:/developing/codebench lite/bin/../lib/gcc/arm-none-eabi/4.8.1/armv6-m\libgcc.a(fixdfsi.o)
                              m:/developing/codebench lite/bin/../lib/gcc/arm-none-eabi/4.8.1/armv6-m\libgcc.a(_fixunsdfsi.o) (__aeabi_d2iz)
m:/developing/codebench lite/bin/../lib/gcc/arm-none-eabi/4.8.1/armv6-m\libgcc.a(floatsidf.o)
                              ./src/main.o (__aeabi_i2d)
m:/developing/codebench lite/bin/../lib/gcc/arm-none-eabi/4.8.1/armv6-m\libgcc.a(truncdfsf2.o)
                              ./src/main.o (__aeabi_d2f)
m:/developing/codebench lite/bin/../lib/gcc/arm-none-eabi/4.8.1/armv6-m\libgcc.a(_arm_cmpdf2.o)
                              m:/developing/codebench lite/bin/../lib/gcc/arm-none-eabi/4.8.1/armv6-m\libgcc.a(_fixunsdfsi.o) (__aeabi_dcmpge)
m:/developing/codebench lite/bin/../lib/gcc/arm-none-eabi/4.8.1/armv6-m\libgcc.a(_clzsi2.o)
                              m:/developing/codebench lite/bin/../lib/gcc/arm-none-eabi/4.8.1/armv6-m\libgcc.a(divdf3.o) (__clzsi2)
m:/developing/codebench lite/bin/../lib/gcc/arm-none-eabi/4.8.1/armv6-m\libgcc.a(eqdf2.o)
                              m:/developing/codebench lite/bin/../lib/gcc/arm-none-eabi/4.8.1/armv6-m\libgcc.a(_arm_cmpdf2.o) (__eqdf2)
m:/developing/codebench lite/bin/../lib/gcc/arm-none-eabi/4.8.1/armv6-m\libgcc.a(gedf2.o)
                              m:/developing/codebench lite/bin/../lib/gcc/arm-none-eabi/4.8.1/armv6-m\libgcc.a(_arm_cmpdf2.o) (__gedf2)
m:/developing/codebench lite/bin/../lib/gcc/arm-none-eabi/4.8.1/armv6-m\libgcc.a(ledf2.o)
                              m:/developing/codebench lite/bin/../lib/gcc/arm-none-eabi/4.8.1/armv6-m\libgcc.a(_arm_cmpdf2.o) (__ledf2)
m:/developing/codebench lite/bin/../lib/gcc/arm-none-eabi/4.8.1/../../../../arm-none-eabi/lib/armv6-m\libc.a(lib_a-errno.o)
                              ./system/src/newlib/_sbrk.o (__errno)
m:/developing/codebench lite/bin/../lib/gcc/arm-none-eabi/4.8.1/../../../../arm-none-eabi/lib/armv6-m\libc.a(lib_a-impure.o)
                              m:/developing/codebench lite/bin/../lib/gcc/arm-none-eabi/4.8.1/../../../../arm-none-eabi/lib/armv6-m\libc.a(lib_a-errno.o) (_impure_ptr)

Allocating common symbols
Common symbol       size              file

errno               0x4               ./system/src/newlib/_syscalls.o
TTB                 0xc               ./src/main.o
LEDs                0x8               ./src/main.o
Buttons             0x8               ./src/main.o
RegularConvData     0x4               ./src/config.o
Pins                0x8               ./src/main.o
ADCNVIC_InitStructure
[...]
Memory Configuration

Name             Origin             Length             Attributes
RAM              0x20000000         0x00002000         xrw
CCMRAM           0x00000000         0x00000000         xrw
FLASH            0x08000000         0x00010000         xr
FLASHB1          0x00000000         0x00000000         xr
EXTMEMB0         0x00000000         0x00000000         xr
EXTMEMB1         0x00000000         0x00000000         xr
EXTMEMB2         0x00000000         0x00000000         xr
EXTMEMB3         0x00000000         0x00000000         xr
MEMORY_ARRAY     0x00000000         0x00000000         xrw
*default*        0x00000000         0xffffffff

Linker script and memory map

LOAD ./system/src/stm32f0-stdperiph/stm32f0xx_adc.o
LOAD ./system/src/stm32f0-stdperiph/stm32f0xx_can.o
LOAD ./system/src/stm32f0-stdperiph/stm32f0xx_cec.o
LOAD ./system/src/stm32f0-stdperiph/stm32f0xx_comp.o
LOAD ./system/src/stm32f0-stdperiph/stm32f0xx_crc.o
LOAD ./system/src/stm32f0-stdperiph/stm32f0xx_crs.o
LOAD ./system/src/stm32f0-stdperiph/stm32f0xx_dac.o
LOAD ./system/src/stm32f0-stdperiph/stm32f0xx_dbgmcu.o
LOAD ./system/src/stm32f0-stdperiph/stm32f0xx_dma.o
LOAD ./system/src/stm32f0-stdperiph/stm32f0xx_exti.o
LOAD ./system/src/stm32f0-stdperiph/stm32f0xx_flash.o
LOAD ./system/src/stm32f0-stdperiph/stm32f0xx_gpio.o
LOAD ./system/src/stm32f0-stdperiph/stm32f0xx_i2c.o
LOAD ./system/src/stm32f0-stdperiph/stm32f0xx_iwdg.o
LOAD ./system/src/stm32f0-stdperiph/stm32f0xx_misc.o
LOAD ./system/src/stm32f0-stdperiph/stm32f0xx_pwr.o
LOAD ./system/src/stm32f0-stdperiph/stm32f0xx_rcc.o
LOAD ./system/src/stm32f0-stdperiph/stm32f0xx_rtc.o
LOAD ./system/src/stm32f0-stdperiph/stm32f0xx_spi.o
LOAD ./system/src/stm32f0-stdperiph/stm32f0xx_syscfg.o
LOAD ./system/src/stm32f0-stdperiph/stm32f0xx_tim.o
LOAD ./system/src/stm32f0-stdperiph/stm32f0xx_usart.o
LOAD ./system/src/stm32f0-stdperiph/stm32f0xx_wwdg.o
LOAD ./system/src/newlib/_cxx.o
LOAD ./system/src/newlib/_exit.o
LOAD ./system/src/newlib/_sbrk.o
LOAD ./system/src/newlib/_startup.o
LOAD ./system/src/newlib/_syscalls.o
LOAD ./system/src/newlib/assert.o
LOAD ./system/src/diag/Trace.o
LOAD ./system/src/diag/trace_impl.o
LOAD ./system/src/cortexm/_initialize_hardware.o
LOAD ./system/src/cortexm/_reset_hardware.o
LOAD ./system/src/cortexm/exception_handlers.o
LOAD ./system/src/cmsis/system_stm32f0xx.o
LOAD ./system/src/cmsis/vectors_stm32f0xx.o
LOAD ./src/_write.o
LOAD ./src/algorithm.o
LOAD ./src/config.o
LOAD ./src/main.o
LOAD ./src/resources.o
LOAD ./src/stm32f0_discovery.o
LOAD m:/developing/codebench lite/bin/../lib/gcc/arm-none-eabi/4.8.1/../../../../arm-none-eabi/lib/armv6-m\libstdc++.a
LOAD m:/developing/codebench lite/bin/../lib/gcc/arm-none-eabi/4.8.1/../../../../arm-none-eabi/lib/armv6-m\libm.a
START GROUP
LOAD m:/developing/codebench lite/bin/../lib/gcc/arm-none-eabi/4.8.1/armv6-m\libgcc.a
LOAD m:/developing/codebench lite/bin/../lib/gcc/arm-none-eabi/4.8.1/../../../../arm-none-eabi/lib/armv6-m\libc.a
END GROUP
                0x20002000                __stack = (ORIGIN (RAM) + 0x2000)
                0x20002000                _estack = __stack
                0x00000400                __Main_Stack_Size = 0x400
                0x00000400                PROVIDE (_Main_Stack_Size, __Main_Stack_Size)
                0x20001c00                __Main_Stack_Limit = (__stack - __Main_Stack_Size)
                0x20001c00                PROVIDE (_Main_Stack_Limit, __Main_Stack_Limit)
                0x00000100                _Minimum_Stack_Size = 0x100
                0x20000070                PROVIDE (_Heap_Begin, _end_noinit)
                0x20001c00                PROVIDE (_Heap_Limit, (__stack - __Main_Stack_Size))

.isr_vector     0x08000000      0x1c4
 FILL mask 0xff
                0x08000000                __vectors_start = ABSOLUTE (.)
                0x08000000                __vectors_start__ = ABSOLUTE (.)
 *(.isr_vector)
 .isr_vector    0x08000000       0xc4 ./system/src/cmsis/vectors_stm32f0xx.o
                0x08000000                g_pfnVectors
 *(.cfmconfig)
 *(.after_vectors .after_vectors.*)
 .after_vectors
                0x080000c4       0xc4 ./system/src/newlib/_startup.o
                0x080000c4                _start
 .after_vectors
                0x08000188       0x38 ./system/src/cortexm/exception_handlers.o
                0x08000188                Reset_Handler
                0x0800018c                NMI_Handler
                0x08000190                HardFault_Handler
                0x080001a8                HardFault_Handler_C
                0x080001ac                SVC_Handler
                0x080001b0                PendSV_Handler
                0x080001b4                SysTick_Handler
 .after_vectors
                0x080001c0        0x4 ./system/src/cmsis/vectors_stm32f0xx.o
                0x080001c0                TIM1_CC_IRQHandler
                0x080001c0                TSC_IRQHandler
                0x080001c0                ADC1_COMP_IRQHandler
                0x080001c0                PVD_IRQHandler
                0x080001c0                I2C1_IRQHandler
                0x080001c0                RCC_CRS_IRQHandler
                0x080001c0                SPI1_IRQHandler
                0x080001c0                TIM6_DAC_IRQHandler
                0x080001c0                USART3_4_IRQHandler
                0x080001c0                EXTI2_3_IRQHandler
                0x080001c0                ADC1_IRQHandler
                0x080001c0                I2C2_IRQHandler
                0x080001c0                TIM17_IRQHandler
                0x080001c0                CEC_CAN_IRQHandler
                0x080001c0                RTC_IRQHandler
                0x080001c0                PVD_VDDIO2_IRQHandler
                0x080001c0                DMA1_Channel4_5_6_7_IRQHandler
                0x080001c0                TIM16_IRQHandler
                0x080001c0                EXTI4_15_IRQHandler
                0x080001c0                RCC_IRQHandler
                0x080001c0                Default_Handler
                0x080001c0                CEC_IRQHandler
                0x080001c0                TIM14_IRQHandler
                0x080001c0                DMA1_Channel4_5_IRQHandler
                0x080001c0                TIM7_IRQHandler
                0x080001c0                TIM15_IRQHandler
                0x080001c0                EXTI0_1_IRQHandler
                0x080001c0                USB_IRQHandler
                0x080001c0                SPI2_IRQHandler
                0x080001c0                TS_IRQHandler
                0x080001c0                WWDG_IRQHandler
                0x080001c0                TIM2_IRQHandler
                0x080001c0                DMA1_Channel2_3_IRQHandler
                0x080001c0                USART2_IRQHandler
                0x080001c0                FLASH_IRQHandler
                0x080001c0                USART1_IRQHandler
                0x080001c0                TIM1_BRK_UP_TRG_COM_IRQHandler

.inits          0x080001c4       0x28
                0x080001c4                __data_regions_array_start = .
                0x080001c4        0x4 LONG 0x80033c4 LOADADDR (.data)
                0x080001c8        0x4 LONG 0x20000000 ADDR (.data)
                0x080001cc        0x4 LONG 0x20000028 (ADDR (.data) + SIZEOF (.data))
                0x080001d0        0x4 LONG 0x80033c4 LOADADDR (.data_CCMRAM)
                0x080001d4        0x4 LONG 0x0 ADDR (.data_CCMRAM)
                0x080001d8        0x4 LONG 0x0 (ADDR (.data_CCMRAM) + SIZEOF (.data_CCMRAM))
                0x080001dc                __data_regions_array_end = .
                0x080001dc                __bss_regions_array_start = .
                0x080001dc        0x4 LONG 0x20000028 ADDR (.bss)
                0x080001e0        0x4 LONG 0x20000070 (ADDR (.bss) + SIZEOF (.bss))
                0x080001e4        0x4 LONG 0x0 ADDR (.bss_CCMRAM)
                0x080001e8        0x4 LONG 0x0 (ADDR (.bss_CCMRAM) + SIZEOF (.bss_CCMRAM))
                0x080001ec                __bss_regions_array_end = .
 *(.init)
 *(.fini)
                0x080001ec                . = ALIGN (0x4)
                0x080001ec                PROVIDE (__preinit_array_start, .)
 *(.preinit_array_sysinit .preinit_array_sysinit.*)
 *(.preinit_array_platform .preinit_array_platform.*)
 *(.preinit_array .preinit_array.*)
                0x080001ec                PROVIDE (__preinit_array_end, .)
                0x080001ec                . = ALIGN (0x4)
                0x080001ec                PROVIDE (__init_array_start, .)
 *(SORT(.init_array.*))
 *(.init_array)
                0x080001ec                PROVIDE (__init_array_end, .)
                0x080001ec                . = ALIGN (0x4)
                0x080001ec                PROVIDE (__fini_array_start, .)
 *(SORT(.fini_array.*))
 *(.fini_array)
                0x080001ec                PROVIDE (__fini_array_end, .)

.flashtext
 *(.flashtext .flashtext.*)

.text           0x080001f0     0x31d4
 *(.text .text.*)
 .text.ADC_DeInit
                0x080001f0       0x24 ./system/src/stm32f0-stdperiph/stm32f0xx_adc.o
                0x080001f0                ADC_DeInit
 .text.ADC_Init
                0x08000214       0x2c ./system/src/stm32f0-stdperiph/stm32f0xx_adc.o
                0x08000214                ADC_Init
 .text.ADC_StructInit
                0x08000240       0x10 ./system/src/stm32f0-stdperiph/stm32f0xx_adc.o
                0x08000240                ADC_StructInit
 .text.ADC_Cmd  0x08000250       0x12 ./system/src/stm32f0-stdperiph/stm32f0xx_adc.o
                0x08000250                ADC_Cmd
 .text.ADC_ChannelConfig
                0x08000262        0xa ./system/src/stm32f0-stdperiph/stm32f0xx_adc.o
                0x08000262                ADC_ChannelConfig
 .text.ADC_GetCalibrationFactor
                0x0800026c       0x2e ./system/src/stm32f0-stdperiph/stm32f0xx_adc.o
                0x0800026c                ADC_GetCalibrationFactor
 .text.ADC_StartOfConversion
                0x0800029a        0xa ./system/src/stm32f0-stdperiph/stm32f0xx_adc.o
                0x0800029a                ADC_StartOfConversion
 .text.ADC_DMACmd
                0x080002a4       0x16 ./system/src/stm32f0-stdperiph/stm32f0xx_adc.o
                0x080002a4                ADC_DMACmd
 .text.ADC_DMARequestModeConfig
                0x080002ba       0x10 ./system/src/stm32f0-stdperiph/stm32f0xx_adc.o
                0x080002ba                ADC_DMARequestModeConfig
 *fill*         0x080002ca        0x2 
 .text.ADC_GetFlagStatus
                0x080002cc       0x20 ./system/src/stm32f0-stdperiph/stm32f0xx_adc.o
                0x080002cc                ADC_GetFlagStatus
 .text.DAC_Init
                0x080002ec       0x30 ./system/src/stm32f0-stdperiph/stm32f0xx_dac.o
                0x080002ec                DAC_Init
 .text.DAC_Cmd  0x0800031c       0x28 ./system/src/stm32f0-stdperiph/stm32f0xx_dac.o
                0x0800031c                DAC_Cmd
 .text.DAC_SetChannel1Data
                0x08000344       0x20 ./system/src/stm32f0-stdperiph/stm32f0xx_dac.o
                0x08000344                DAC_SetChannel1Data
 .text.DMA_DeInit
                0x08000364       0xa8 ./system/src/stm32f0-stdperiph/stm32f0xx_dma.o
                0x08000364                DMA_DeInit
 .text.DMA_Init
                0x0800040c       0x3c ./system/src/stm32f0-stdperiph/stm32f0xx_dma.o
                0x0800040c                DMA_Init
 .text.DMA_Cmd  0x08000448       0x1c ./system/src/stm32f0-stdperiph/stm32f0xx_dma.o
                0x08000448                DMA_Cmd
 .text.DMA_ITConfig
                0x08000464       0x14 ./system/src/stm32f0-stdperiph/stm32f0xx_dma.o
                0x08000464                DMA_ITConfig
 .text.DMA_GetITStatus
                0x08000478       0x14 ./system/src/stm32f0-stdperiph/stm32f0xx_dma.o
                0x08000478                DMA_GetITStatus
 .text.DMA_ClearITPendingBit
                0x0800048c        0xc ./system/src/stm32f0-stdperiph/stm32f0xx_dma.o
                0x0800048c                DMA_ClearITPendingBit
 .text.GPIO_Init
                0x08000498       0x7e ./system/src/stm32f0-stdperiph/stm32f0xx_gpio.o
                0x08000498                GPIO_Init
 *fill*         0x08000516        0x2 
 .text.GPIO_StructInit
                0x08000518       0x18 ./system/src/stm32f0-stdperiph/stm32f0xx_gpio.o
                0x08000518                GPIO_StructInit
 .text.GPIO_ReadOutputDataBit
                0x08000530        0xc ./system/src/stm32f0-stdperiph/stm32f0xx_gpio.o
                0x08000530                GPIO_ReadOutputDataBit
 .text.GPIO_SetBits
                0x0800053c        0x4 ./system/src/stm32f0-stdperiph/stm32f0xx_gpio.o
                0x0800053c                GPIO_SetBits
 .text.GPIO_ResetBits
                0x08000540        0x4 ./system/src/stm32f0-stdperiph/stm32f0xx_gpio.o
                0x08000540                GPIO_ResetBits
 .text.NVIC_Init
                0x08000544       0x60 ./system/src/stm32f0-stdperiph/stm32f0xx_misc.o
                0x08000544                NVIC_Init
 .text.RCC_PLLConfig
                0x080005a4       0x20 ./system/src/stm32f0-stdperiph/stm32f0xx_rcc.o
                0x080005a4                RCC_PLLConfig
 .text.RCC_PLLCmd
                0x080005c4       0x24 ./system/src/stm32f0-stdperiph/stm32f0xx_rcc.o
                0x080005c4                RCC_PLLCmd
 .text.RCC_SYSCLKConfig
                0x080005e8       0x14 ./system/src/stm32f0-stdperiph/stm32f0xx_rcc.o
                0x080005e8                RCC_SYSCLKConfig
 .text.RCC_AHBPeriphClockCmd
                0x080005fc       0x1c ./system/src/stm32f0-stdperiph/stm32f0xx_rcc.o
                0x080005fc                RCC_AHBPeriphClockCmd
 .text.RCC_APB2PeriphClockCmd
                0x08000618       0x1c ./system/src/stm32f0-stdperiph/stm32f0xx_rcc.o
                0x08000618                RCC_APB2PeriphClockCmd
 .text.RCC_APB1PeriphClockCmd
                0x08000634       0x1c ./system/src/stm32f0-stdperiph/stm32f0xx_rcc.o
                0x08000634                RCC_APB1PeriphClockCmd
 .text.RCC_APB2PeriphResetCmd
                0x08000650       0x1c ./system/src/stm32f0-stdperiph/stm32f0xx_rcc.o
                0x08000650                RCC_APB2PeriphResetCmd
 .text.RCC_APB1PeriphResetCmd
                0x0800066c       0x1c ./system/src/stm32f0-stdperiph/stm32f0xx_rcc.o
                0x0800066c                RCC_APB1PeriphResetCmd
 .text.RCC_GetFlagStatus
                0x08000688       0x30 ./system/src/stm32f0-stdperiph/stm32f0xx_rcc.o
                0x08000688                RCC_GetFlagStatus
 .text.TIM_DeInit
                0x080006b8       0xe8 ./system/src/stm32f0-stdperiph/stm32f0xx_tim.o
                0x080006b8                TIM_DeInit
 .text.TIM_TimeBaseInit
                0x080007a0       0x78 ./system/src/stm32f0-stdperiph/stm32f0xx_tim.o
                0x080007a0                TIM_TimeBaseInit
 .text.TIM_TimeBaseStructInit
                0x08000818       0x12 ./system/src/stm32f0-stdperiph/stm32f0xx_tim.o
                0x08000818                TIM_TimeBaseStructInit
 .text.TIM_Cmd  0x0800082a       0x18 ./system/src/stm32f0-stdperiph/stm32f0xx_tim.o
                0x0800082a                TIM_Cmd
 *fill*         0x08000842        0x2 
 .text.TIM_CtrlPWMOutputs
                0x08000844       0x20 ./system/src/stm32f0-stdperiph/stm32f0xx_tim.o
                0x08000844                TIM_CtrlPWMOutputs
 .text.TIM_OC4Init
                0x08000864       0x64 ./system/src/stm32f0-stdperiph/stm32f0xx_tim.o
                0x08000864                TIM_OC4Init
 .text.TIM_OCStructInit
                0x080008c8       0x14 ./system/src/stm32f0-stdperiph/stm32f0xx_tim.o
                0x080008c8                TIM_OCStructInit
 .text.TIM_ITConfig
                0x080008dc       0x16 ./system/src/stm32f0-stdperiph/stm32f0xx_tim.o
                0x080008dc                TIM_ITConfig
 .text.TIM_GetITStatus
                0x080008f2       0x18 ./system/src/stm32f0-stdperiph/stm32f0xx_tim.o
                0x080008f2                TIM_GetITStatus
 .text.TIM_ClearITPendingBit
                0x0800090a        0x8 ./system/src/stm32f0-stdperiph/stm32f0xx_tim.o
                0x0800090a                TIM_ClearITPendingBit
 .text.TIM_SelectOutputTrigger
                0x08000912       0x14 ./system/src/stm32f0-stdperiph/stm32f0xx_tim.o
                0x08000912                TIM_SelectOutputTrigger
 .text._exit    0x08000926        0x6 ./system/src/newlib/_exit.o
                0x08000926                _exit
 .text.__initialize_args
                0x0800092c       0x10 ./system/src/newlib/_syscalls.o
                0x0800092c                __initialize_args
 .text.__initialize_hardware_early
                0x0800093c        0x8 ./system/src/cortexm/_initialize_hardware.o
                0x0800093c                __initialize_hardware_early
 .text.__initialize_hardware
                0x08000944        0x8 ./system/src/cortexm/_initialize_hardware.o
                0x08000944                __initialize_hardware
 .text.__reset_hardware
                0x0800094c       0x1c ./system/src/cortexm/_reset_hardware.o
                0x0800094c                __reset_hardware
 .text.SystemInit
                0x08000968       0xfc ./system/src/cmsis/system_stm32f0xx.o
                0x08000968                SystemInit
 .text.SystemCoreClockUpdate
                0x08000a64       0x6c ./system/src/cmsis/system_stm32f0xx.o
                0x08000a64                SystemCoreClockUpdate
 .text.rangeScaleLinear
                0x08000ad0       0x16 ./src/algorithm.o
                0x08000ad0                rangeScaleLinear
 .text.InitClocks
                0x08000ae6       0x2a ./src/config.o
                0x08000ae6                InitClocks
 .text.InitDAC  0x08000b10       0x5e ./src/config.o
                0x08000b10                InitDAC
 *fill*         0x08000b6e        0x2 
 .text.InitADC  0x08000b70      0x174 ./src/config.o
                0x08000b70                InitADC
 .text.InitBoard
                0x08000ce4       0x6c ./src/main.o
                0x08000ce4                InitBoard
 .text.InitTimer
                0x08000d50       0x7c ./src/main.o
                0x08000d50                InitTimer
 *fill*         0x08000dcc        0x4 
 .text.TIM3_IRQHandler
                0x08000dd0      0x118 ./src/main.o
                0x08000dd0                TIM3_IRQHandler
 .text.DMA1_Channel1_IRQHandler
                0x08000ee8       0x40 ./src/main.o
                0x08000ee8                DMA1_Channel1_IRQHandler
 .text.startup.main
                0x08000f28      0x178 ./src/main.o
                0x08000f28                main
 .text          0x080010a0       0x9c m:/developing/codebench lite/bin/../lib/gcc/arm-none-eabi/4.8.1/armv6-m\libgcc.a(_udivsi3.o)
                0x080010a0                __aeabi_uidiv
                0x080010a0                __udivsi3
                0x08001128                __aeabi_uidivmod
 .text          0x0800113c       0xc0 m:/developing/codebench lite/bin/../lib/gcc/arm-none-eabi/4.8.1/armv6-m\libgcc.a(_divsi3.o)
                0x0800113c                __divsi3
                0x0800113c                __aeabi_idiv
                0x080011e8                __aeabi_idivmod
 .text          0x080011fc        0x4 m:/developing/codebench lite/bin/../lib/gcc/arm-none-eabi/4.8.1/armv6-m\libgcc.a(_dvmd_tls.o)
                0x080011fc                __aeabi_idiv0
                0x080011fc                __aeabi_ldiv0
 .text          0x08001200       0x74 m:/developing/codebench lite/bin/../lib/gcc/arm-none-eabi/4.8.1/armv6-m\libgcc.a(_arm_cmpsf2.o)
                0x08001200                __aeabi_cfrcmple
                0x08001208                __aeabi_cfcmpeq
                0x08001208                __aeabi_cfcmple
                0x08001218                __aeabi_fcmpeq
                0x08001224                __aeabi_fcmplt
                0x08001238                __aeabi_fcmple
                0x0800124c                __aeabi_fcmpgt
                0x08001260                __aeabi_fcmpge
 *fill*         0x08001274        0x4 
 .text          0x08001278       0x40 m:/developing/codebench lite/bin/../lib/gcc/arm-none-eabi/4.8.1/armv6-m\libgcc.a(_fixunsdfsi.o)
                0x08001278                __aeabi_d2uiz
                0x08001278                __fixunsdfsi
 .text          0x080012b8       0x50 m:/developing/codebench lite/bin/../lib/gcc/arm-none-eabi/4.8.1/armv6-m\libgcc.a(eqsf2.o)
                0x080012b8                __eqsf2
                0x080012b8                __nesf2
 .text          0x08001308       0x90 m:/developing/codebench lite/bin/../lib/gcc/arm-none-eabi/4.8.1/armv6-m\libgcc.a(gesf2.o)
                0x08001308                __gesf2
                0x08001308                __gtsf2
 .text          0x08001398       0x90 m:/developing/codebench lite/bin/../lib/gcc/arm-none-eabi/4.8.1/armv6-m\libgcc.a(lesf2.o)
                0x08001398                __ltsf2
                0x08001398                __lesf2
 .text          0x08001428      0x650 m:/developing/codebench lite/bin/../lib/gcc/arm-none-eabi/4.8.1/armv6-m\libgcc.a(divdf3.o)
                0x08001428                __aeabi_ddiv
 .text          0x08001a78      0x51c m:/developing/codebench lite/bin/../lib/gcc/arm-none-eabi/4.8.1/armv6-m\libgcc.a(muldf3.o)
                0x08001a78                __aeabi_dmul
 .text          0x08001f94      0x66c m:/developing/codebench lite/bin/../lib/gcc/arm-none-eabi/4.8.1/armv6-m\libgcc.a(subdf3.o)
                0x08001f94                __aeabi_dsub
 .text          0x08002600       0x68 m:/developing/codebench lite/bin/../lib/gcc/arm-none-eabi/4.8.1/armv6-m\libgcc.a(fixdfsi.o)
                0x08002600                __aeabi_d2iz
 .text          0x08002668       0x7c m:/developing/codebench lite/bin/../lib/gcc/arm-none-eabi/4.8.1/armv6-m\libgcc.a(floatsidf.o)
                0x08002668                __aeabi_i2d
 .text          0x080026e4      0x118 m:/developing/codebench lite/bin/../lib/gcc/arm-none-eabi/4.8.1/armv6-m\libgcc.a(truncdfsf2.o)
                0x080026e4                __aeabi_d2f
 .text          0x080027fc       0x7c m:/developing/codebench lite/bin/../lib/gcc/arm-none-eabi/4.8.1/armv6-m\libgcc.a(_arm_cmpdf2.o)
                0x080027fc                __aeabi_cdrcmple
                0x0800280c                __aeabi_cdcmple
                0x0800280c                __aeabi_cdcmpeq
                0x0800281c                __aeabi_dcmpeq
                0x08002828                __aeabi_dcmplt
                0x0800283c                __aeabi_dcmple
                0x08002850                __aeabi_dcmpgt
                0x08002864                __aeabi_dcmpge
 .text          0x08002878       0x3c m:/developing/codebench lite/bin/../lib/gcc/arm-none-eabi/4.8.1/armv6-m\libgcc.a(_clzsi2.o)
                0x08002878                __clzsi2
 .text          0x080028b4       0x94 m:/developing/codebench lite/bin/../lib/gcc/arm-none-eabi/4.8.1/armv6-m\libgcc.a(eqdf2.o)
                0x080028b4                __nedf2
                0x080028b4                __eqdf2
 .text          0x08002948       0xf4 m:/developing/codebench lite/bin/../lib/gcc/arm-none-eabi/4.8.1/armv6-m\libgcc.a(gedf2.o)
                0x08002948                __gedf2
                0x08002948                __gtdf2
 .text          0x08002a3c      0x108 m:/developing/codebench lite/bin/../lib/gcc/arm-none-eabi/4.8.1/armv6-m\libgcc.a(ledf2.o)
                0x08002a3c                __ledf2
                0x08002a3c                __ltdf2
 *(.rodata .rodata.* .constdata .constdata.*)
 .rodata.Sine1024_12bit
                0x08002b44      0x800 ./src/resources.o
                0x08002b44                Sine1024_12bit
 .rodata        0x08003344       0x40 m:/developing/codebench lite/bin/../lib/gcc/arm-none-eabi/4.8.1/armv6-m\libgcc.a(divdf3.o)
 .rodata        0x08003384       0x40 m:/developing/codebench lite/bin/../lib/gcc/arm-none-eabi/4.8.1/armv6-m\libgcc.a(muldf3.o)
 *(vtable)
 *(.eh_frame*)
 *(.glue_7)
 .glue_7        0x00000000        0x0 linker stubs
 *(.glue_7t)
 .glue_7t       0x00000000        0x0 linker stubs

.vfp11_veneer   0x080033c4        0x0
 .vfp11_veneer  0x00000000        0x0 linker stubs

.v4_bx          0x080033c4        0x0
 .v4_bx         0x00000000        0x0 linker stubs

.iplt           0x080033c4        0x0
 .iplt          0x00000000        0x0 ./system/src/stm32f0-stdperiph/stm32f0xx_adc.o

.rel.dyn        0x080033c4        0x0
 .rel.iplt      0x00000000        0x0 ./system/src/stm32f0-stdperiph/stm32f0xx_adc.o

.ARM.extab
 *(.ARM.extab* .gnu.linkonce.armextab.*)
                0x080033c4                . = ALIGN (0x4)
                0x080033c4                __exidx_start = .

.ARM.exidx
 *(.ARM.exidx* .gnu.linkonce.armexidx.*)
                0x080033c4                __exidx_end = .
                0x080033c4                . = ALIGN (0x4)
                0x080033c4                _etext = .
                0x080033c4                __etext = .

.data_CCMRAM    0x00000000        0x0 load address 0x080033c4
 FILL mask 0xff
 *(.data.CCMRAM .data.CCMRAM.*)
                0x00000000                . = ALIGN (0x4)
                0x080033c4                _sidata = LOADADDR (.data)

.data           0x20000000       0x28 load address 0x080033c4
 FILL mask 0xff
                0x20000000                _sdata = .
                0x20000000                __data_start__ = .
 *(.data_begin .data_begin.*)
 *(.data .data.*)
 .data.argv.4008
                0x20000000        0x8 ./system/src/newlib/_syscalls.o
 .data.AHBPrescTable
                0x20000008       0x10 ./system/src/cmsis/system_stm32f0xx.o
                0x20000008                AHBPrescTable
 .data.SystemCoreClock
                0x20000018        0x4 ./system/src/cmsis/system_stm32f0xx.o
                0x20000018                SystemCoreClock
 .data.usingDAC
                0x2000001c        0x4 ./src/main.o
                0x2000001c                usingDAC
 .data.usingADC
                0x20000020        0x4 ./src/main.o
                0x20000020                usingADC
 .data.lutStep  0x20000024        0x4 ./src/main.o
                0x20000024                lutStep
 *(.data_end .data_end.*)
                0x20000028                . = ALIGN (0x4)
                0x20000028                _edata = .
                0x20000028                __data_end__ = .

.igot.plt       0x20000028        0x0 load address 0x080033ec
 .igot.plt      0x00000000        0x0 ./system/src/stm32f0-stdperiph/stm32f0xx_adc.o

.bss_CCMRAM     0x00000000        0x0
 *(.bss.CCMRAM .bss.CCMRAM.*)

.bss            0x20000028       0x48
                0x20000028                __bss_start__ = .
                0x20000028                _sbss = .
 *(.bss_begin .bss_begin.*)
 *(.bss .bss.*)
 .bss.name.4007
                0x20000028        0x1 ./system/src/newlib/_syscalls.o
 *fill*         0x20000029        0x1 
 .bss.FMPhase   0x2000002a        0x2 ./src/main.o
                0x2000002a                FMPhase
 .bss.ADC1ConvertedModulationValue
                0x2000002c        0x2 ./src/main.o
                0x2000002c                ADC1ConvertedModulationValue
 *fill*         0x2000002e        0x2 
 .bss.usingLeds
                0x20000030        0x4 ./src/main.o
                0x20000030                usingLeds
 .bss.VoltValue
                0x20000034        0x4 ./src/main.o
                0x20000034                VoltValue
 .bss.lutIndex  0x20000038        0x4 ./src/main.o
                0x20000038                lutIndex
 .bss.ADC1ConvertedPitchValue
                0x2000003c        0x2 ./src/main.o
                0x2000003c                ADC1ConvertedPitchValue
 *(COMMON)
 COMMON         0x2000003e        0x4 ./src/config.o
                0x2000003e                RegularConvData
 *fill*         0x20000042        0x2 
 COMMON         0x20000044       0x2a ./src/main.o
                0x20000044                TTB
                0x20000050                LEDs
                0x20000058                Buttons
                0x20000060                Pins
                0x20000068                ADCNVIC_InitStructure
                0x2000006b                DACNVIC_InitStructure
 *(.bss_end .bss_end.*)
                0x20000070                . = ALIGN (0x4)
 *fill*         0x2000006e        0x2 
                0x20000070                __bss_end__ = .
                0x20000070                _ebss = .

.noinit_CCMRAM
 *(.noinit.CCMRAM .noinit.CCMRAM.*)

.noinit         0x20000070        0x0
                0x20000070                _noinit = .
 *(.noinit .noinit.*)
                0x20000070                . = ALIGN (0x4)
                0x20000070                _end_noinit = .
                0x20000070                PROVIDE (end, _end_noinit)
                0x20000070                PROVIDE (_end, _end_noinit)
                0x20000070                PROVIDE (__end, _end_noinit)
                0x20000070                PROVIDE (__end__, _end_noinit)

._check_stack   0x20000070      0x100
                0x20000170                . = (. + _Minimum_Stack_Size)
 *fill*         0x20000070      0x100 

.b1text
 *(.b1text)
 *(.b1rodata)
 *(.b1rodata.*)

.eb0text
 *(.eb0text)
 *(.eb0rodata)
 *(.eb0rodata.*)

.eb1text
 *(.eb1text)
 *(.eb1rodata)
 *(.eb1rodata.*)

.eb2text
 *(.eb2text)
 *(.eb2rodata)
 *(.eb2rodata.*)

.eb3text
 *(.eb3text)
 *(.eb3rodata)
 *(.eb3rodata.*)

.stab
 *(.stab)

.stabstr
 *(.stabstr)

.stab.excl
 *(.stab.excl)

.stab.exclstr
 *(.stab.exclstr)

.stab.index
 *(.stab.index)

.stab.indexstr
 *(.stab.indexstr)

.comment        0x00000000       0x30
 *(.comment)
 .comment       0x00000000       0x30 ./system/src/stm32f0-stdperiph/stm32f0xx_adc.o
                                 0x31 (size before relaxing)
 .comment       0x00000000       0x31 ./system/src/stm32f0-stdperiph/stm32f0xx_dac.o
 .comment       0x00000000       0x31 ./system/src/stm32f0-stdperiph/stm32f0xx_dma.o
 .comment       0x00000000       0x31 ./system/src/stm32f0-stdperiph/stm32f0xx_gpio.o
 .comment       0x00000000       0x31 ./system/src/stm32f0-stdperiph/stm32f0xx_misc.o
 .comment       0x00000000       0x31 ./system/src/stm32f0-stdperiph/stm32f0xx_rcc.o
 .comment       0x00000000       0x31 ./system/src/stm32f0-stdperiph/stm32f0xx_tim.o
 .comment       0x00000000       0x31 ./system/src/newlib/_exit.o
 .comment       0x00000000       0x31 ./system/src/newlib/_startup.o
 .comment       0x00000000       0x31 ./system/src/newlib/_syscalls.o
 .comment       0x00000000       0x31 ./system/src/cortexm/_initialize_hardware.o
 .comment       0x00000000       0x31 ./system/src/cortexm/_reset_hardware.o
 .comment       0x00000000       0x31 ./system/src/cortexm/exception_handlers.o
 .comment       0x00000000       0x31 ./system/src/cmsis/system_stm32f0xx.o
 .comment       0x00000000       0x31 ./system/src/cmsis/vectors_stm32f0xx.o
 .comment       0x00000000       0x31 ./src/algorithm.o
 .comment       0x00000000       0x31 ./src/config.o
 .comment       0x00000000       0x31 ./src/main.o
 .comment       0x00000000       0x31 ./src/resources.o

.ARM.attributes
                0x00000000       0x31
 .ARM.attributes
                0x00000000       0x31 ./system/src/stm32f0-stdperiph/stm32f0xx_adc.o
 .ARM.attributes
                0x00000031       0x31 ./system/src/stm32f0-stdperiph/stm32f0xx_dac.o
 .ARM.attributes
                0x00000062       0x31 ./system/src/stm32f0-stdperiph/stm32f0xx_dma.o
 .ARM.attributes
                0x00000093       0x31 ./system/src/stm32f0-stdperiph/stm32f0xx_gpio.o
 .ARM.attributes
                0x000000c4       0x31 ./system/src/stm32f0-stdperiph/stm32f0xx_misc.o
 .ARM.attributes
                0x000000f5       0x31 ./system/src/stm32f0-stdperiph/stm32f0xx_rcc.o
 .ARM.attributes
                0x00000126       0x31 ./system/src/stm32f0-stdperiph/stm32f0xx_tim.o
 .ARM.attributes
                0x00000157       0x31 ./system/src/newlib/_exit.o
 .ARM.attributes
                0x00000188       0x31 ./system/src/newlib/_startup.o
 .ARM.attributes
                0x000001b9       0x31 ./system/src/newlib/_syscalls.o
 .ARM.attributes
                0x000001ea       0x31 ./system/src/cortexm/_initialize_hardware.o
 .ARM.attributes
                0x0000021b       0x31 ./system/src/cortexm/_reset_hardware.o
 .ARM.attributes
                0x0000024c       0x31 ./system/src/cortexm/exception_handlers.o
 .ARM.attributes
                0x0000027d       0x31 ./system/src/cmsis/system_stm32f0xx.o
 .ARM.attributes
                0x000002ae       0x31 ./system/src/cmsis/vectors_stm32f0xx.o
 .ARM.attributes
                0x000002df       0x31 ./src/algorithm.o
 .ARM.attributes
                0x00000310       0x31 ./src/config.o
 .ARM.attributes
                0x00000341       0x31 ./src/main.o
 .ARM.attributes
                0x00000372       0x31 ./src/resources.o
 .ARM.attributes
                0x000003a3       0x1d m:/developing/codebench lite/bin/../lib/gcc/arm-none-eabi/4.8.1/armv6-m\libgcc.a(_udivsi3.o)
 .ARM.attributes
                0x000003c0       0x1d m:/developing/codebench lite/bin/../lib/gcc/arm-none-eabi/4.8.1/armv6-m\libgcc.a(_divsi3.o)
 .ARM.attributes
                0x000003dd       0x1d m:/developing/codebench lite/bin/../lib/gcc/arm-none-eabi/4.8.1/armv6-m\libgcc.a(_dvmd_tls.o)
 .ARM.attributes
                0x000003fa       0x1d m:/developing/codebench lite/bin/../lib/gcc/arm-none-eabi/4.8.1/armv6-m\libgcc.a(_arm_cmpsf2.o)
 .ARM.attributes
                0x00000417       0x2b m:/developing/codebench lite/bin/../lib/gcc/arm-none-eabi/4.8.1/armv6-m\libgcc.a(_fixunsdfsi.o)
 .ARM.attributes
                0x00000442       0x2b m:/developing/codebench lite/bin/../lib/gcc/arm-none-eabi/4.8.1/armv6-m\libgcc.a(eqsf2.o)
 .ARM.attributes
                0x0000046d       0x2b m:/developing/codebench lite/bin/../lib/gcc/arm-none-eabi/4.8.1/armv6-m\libgcc.a(gesf2.o)
 .ARM.attributes
                0x00000498       0x2b m:/developing/codebench lite/bin/../lib/gcc/arm-none-eabi/4.8.1/armv6-m\libgcc.a(lesf2.o)
 .ARM.attributes
                0x000004c3       0x2b m:/developing/codebench lite/bin/../lib/gcc/arm-none-eabi/4.8.1/armv6-m\libgcc.a(divdf3.o)
 .ARM.attributes
                0x000004ee       0x2b m:/developing/codebench lite/bin/../lib/gcc/arm-none-eabi/4.8.1/armv6-m\libgcc.a(muldf3.o)
 .ARM.attributes
                0x00000519       0x2b m:/developing/codebench lite/bin/../lib/gcc/arm-none-eabi/4.8.1/armv6-m\libgcc.a(subdf3.o)
 .ARM.attributes
                0x00000544       0x2b m:/developing/codebench lite/bin/../lib/gcc/arm-none-eabi/4.8.1/armv6-m\libgcc.a(fixdfsi.o)
 .ARM.attributes
                0x0000056f       0x2b m:/developing/codebench lite/bin/../lib/gcc/arm-none-eabi/4.8.1/armv6-m\libgcc.a(floatsidf.o)
 .ARM.attributes
                0x0000059a       0x2b m:/developing/codebench lite/bin/../lib/gcc/arm-none-eabi/4.8.1/armv6-m\libgcc.a(truncdfsf2.o)
 .ARM.attributes
                0x000005c5       0x1d m:/developing/codebench lite/bin/../lib/gcc/arm-none-eabi/4.8.1/armv6-m\libgcc.a(_arm_cmpdf2.o)
 .ARM.attributes
                0x000005e2       0x1d m:/developing/codebench lite/bin/../lib/gcc/arm-none-eabi/4.8.1/armv6-m\libgcc.a(_clzsi2.o)
 .ARM.attributes
                0x000005ff       0x2b m:/developing/codebench lite/bin/../lib/gcc/arm-none-eabi/4.8.1/armv6-m\libgcc.a(eqdf2.o)
 .ARM.attributes
                0x0000062a       0x2b m:/developing/codebench lite/bin/../lib/gcc/arm-none-eabi/4.8.1/armv6-m\libgcc.a(gedf2.o)
 .ARM.attributes
                0x00000655       0x2b m:/developing/codebench lite/bin/../lib/gcc/arm-none-eabi/4.8.1/armv6-m\libgcc.a(ledf2.o)

.debug
 *(.debug)

.line
 *(.line)

.debug_srcinfo
 *(.debug_srcinfo)

.debug_sfnames
 *(.debug_sfnames)

.debug_aranges  0x00000000      0x940
 *(.debug_aranges)
 .debug_aranges
                0x00000000      0x108 ./system/src/stm32f0-stdperiph/stm32f0xx_adc.o
 .debug_aranges
                0x00000108       0xa0 ./system/src/stm32f0-stdperiph/stm32f0xx_dac.o
 .debug_aranges
                0x000001a8       0x70 ./system/src/stm32f0-stdperiph/stm32f0xx_dma.o
 .debug_aranges
                0x00000218       0x80 ./system/src/stm32f0-stdperiph/stm32f0xx_gpio.o
 .debug_aranges
                0x00000298       0x30 ./system/src/stm32f0-stdperiph/stm32f0xx_misc.o
 .debug_aranges
                0x000002c8      0x160 ./system/src/stm32f0-stdperiph/stm32f0xx_rcc.o
 .debug_aranges
                0x00000428      0x2f0 ./system/src/stm32f0-stdperiph/stm32f0xx_tim.o
 .debug_aranges
                0x00000718       0x28 ./system/src/newlib/_exit.o
 .debug_aranges
                0x00000740       0x40 ./system/src/newlib/_startup.o
 .debug_aranges
                0x00000780       0x30 ./system/src/newlib/_syscalls.o
 .debug_aranges
                0x000007b0       0x28 ./system/src/cortexm/_initialize_hardware.o
 .debug_aranges
                0x000007d8       0x20 ./system/src/cortexm/_reset_hardware.o
 .debug_aranges
                0x000007f8       0x50 ./system/src/cortexm/exception_handlers.o
 .debug_aranges
                0x00000848       0x28 ./system/src/cmsis/system_stm32f0xx.o
 .debug_aranges
                0x00000870       0x20 ./system/src/cmsis/vectors_stm32f0xx.o
 .debug_aranges
                0x00000890       0x28 ./src/algorithm.o
 .debug_aranges
                0x000008b8       0x30 ./src/config.o
 .debug_aranges
                0x000008e8       0x40 ./src/main.o
 .debug_aranges
                0x00000928       0x18 ./src/resources.o

.debug_pubnames
 *(.debug_pubnames)

.debug_info     0x00000000     0x78bd
 *(.debug_info .gnu.linkonce.wi.*)
 .debug_info    0x00000000      0x8eb ./system/src/stm32f0-stdperiph/stm32f0xx_adc.o
 .debug_info    0x000008eb      0x651 ./system/src/stm32f0-stdperiph/stm32f0xx_dac.o
 .debug_info    0x00000f3c      0x413 ./system/src/stm32f0-stdperiph/stm32f0xx_dma.o
 .debug_info    0x0000134f      0x683 ./system/src/stm32f0-stdperiph/stm32f0xx_gpio.o
 .debug_info    0x000019d2      0x359 ./system/src/stm32f0-stdperiph/stm32f0xx_misc.o
 .debug_info    0x00001d2b      0xa3b ./system/src/stm32f0-stdperiph/stm32f0xx_rcc.o
 .debug_info    0x00002766     0x201e ./system/src/stm32f0-stdperiph/stm32f0xx_tim.o
 .debug_info    0x00004784      0x100 ./system/src/newlib/_exit.o
 .debug_info    0x00004884      0x414 ./system/src/newlib/_startup.o
 .debug_info    0x00004c98      0x1b8 ./system/src/newlib/_syscalls.o
 .debug_info    0x00004e50       0xbf ./system/src/cortexm/_initialize_hardware.o
 .debug_info    0x00004f0f      0x195 ./system/src/cortexm/_reset_hardware.o
 .debug_info    0x000050a4      0x19c ./system/src/cortexm/exception_handlers.o
 .debug_info    0x00005240      0x2f2 ./system/src/cmsis/system_stm32f0xx.o
 .debug_info    0x00005532       0xcd ./system/src/cmsis/vectors_stm32f0xx.o
 .debug_info    0x000055ff       0xee ./src/algorithm.o
 .debug_info    0x000056ed     0x1060 ./src/config.o
 .debug_info    0x0000674d     0x1091 ./src/main.o
 .debug_info    0x000077de       0xdf ./src/resources.o

.debug_abbrev   0x00000000     0x199b
 *(.debug_abbrev)
 .debug_abbrev  0x00000000      0x1b2 ./system/src/stm32f0-stdperiph/stm32f0xx_adc.o
 .debug_abbrev  0x000001b2      0x1be ./system/src/stm32f0-stdperiph/stm32f0xx_dac.o
 .debug_abbrev  0x00000370      0x16d ./system/src/stm32f0-stdperiph/stm32f0xx_dma.o
 .debug_abbrev  0x000004dd      0x1d4 ./system/src/stm32f0-stdperiph/stm32f0xx_gpio.o
 .debug_abbrev  0x000006b1      0x154 ./system/src/stm32f0-stdperiph/stm32f0xx_misc.o
 .debug_abbrev  0x00000805      0x230 ./system/src/stm32f0-stdperiph/stm32f0xx_rcc.o
 .debug_abbrev  0x00000a35      0x280 ./system/src/stm32f0-stdperiph/stm32f0xx_tim.o
 .debug_abbrev  0x00000cb5       0xb8 ./system/src/newlib/_exit.o
 .debug_abbrev  0x00000d6d      0x1db ./system/src/newlib/_startup.o
 .debug_abbrev  0x00000f48       0xeb ./system/src/newlib/_syscalls.o
 .debug_abbrev  0x00001033       0x60 ./system/src/cortexm/_initialize_hardware.o
 .debug_abbrev  0x00001093       0xd4 ./system/src/cortexm/_reset_hardware.o
 .debug_abbrev  0x00001167       0xc4 ./system/src/cortexm/exception_handlers.o
 .debug_abbrev  0x0000122b      0x14e ./system/src/cmsis/system_stm32f0xx.o
 .debug_abbrev  0x00001379       0x9a ./system/src/cmsis/vectors_stm32f0xx.o
 .debug_abbrev  0x00001413       0x8d ./src/algorithm.o
 .debug_abbrev  0x000014a0      0x1e7 ./src/config.o
 .debug_abbrev  0x00001687      0x2ae ./src/main.o
 .debug_abbrev  0x00001935       0x66 ./src/resources.o

.debug_line     0x00000000     0x2890
 *(.debug_line)
 .debug_line    0x00000000      0x3c5 ./system/src/stm32f0-stdperiph/stm32f0xx_adc.o
 .debug_line    0x000003c5      0x29d ./system/src/stm32f0-stdperiph/stm32f0xx_dac.o
 .debug_line    0x00000662      0x21f ./system/src/stm32f0-stdperiph/stm32f0xx_dma.o
 .debug_line    0x00000881      0x256 ./system/src/stm32f0-stdperiph/stm32f0xx_gpio.o
 .debug_line    0x00000ad7      0x15a ./system/src/stm32f0-stdperiph/stm32f0xx_misc.o
 .debug_line    0x00000c31      0x4ee ./system/src/stm32f0-stdperiph/stm32f0xx_rcc.o
 .debug_line    0x0000111f      0xa92 ./system/src/stm32f0-stdperiph/stm32f0xx_tim.o
 .debug_line    0x00001bb1      0x101 ./system/src/newlib/_exit.o
 .debug_line    0x00001cb2      0x111 ./system/src/newlib/_startup.o
 .debug_line    0x00001dc3      0x109 ./system/src/newlib/_syscalls.o
 .debug_line    0x00001ecc       0xa0 ./system/src/cortexm/_initialize_hardware.o
 .debug_line    0x00001f6c       0xf2 ./system/src/cortexm/_reset_hardware.o
 .debug_line    0x0000205e       0xf5 ./system/src/cortexm/exception_handlers.o
 .debug_line    0x00002153      0x129 ./system/src/cmsis/system_stm32f0xx.o
 .debug_line    0x0000227c       0x58 ./system/src/cmsis/vectors_stm32f0xx.o
 .debug_line    0x000022d4       0x58 ./src/algorithm.o
 .debug_line    0x0000232c      0x22d ./src/config.o
 .debug_line    0x00002559      0x2b3 ./src/main.o
 .debug_line    0x0000280c       0x84 ./src/resources.o

.debug_frame    0x00000000     0x1770
 *(.debug_frame)
 .debug_frame   0x00000000      0x288 ./system/src/stm32f0-stdperiph/stm32f0xx_adc.o
 .debug_frame   0x00000288      0x180 ./system/src/stm32f0-stdperiph/stm32f0xx_dac.o
 .debug_frame   0x00000408       0xe0 ./system/src/stm32f0-stdperiph/stm32f0xx_dma.o
 .debug_frame   0x000004e8      0x110 ./system/src/stm32f0-stdperiph/stm32f0xx_gpio.o
 .debug_frame   0x000005f8       0x5c ./system/src/stm32f0-stdperiph/stm32f0xx_misc.o
 .debug_frame   0x00000654      0x354 ./system/src/stm32f0-stdperiph/stm32f0xx_rcc.o
 .debug_frame   0x000009a8      0x6f4 ./system/src/stm32f0-stdperiph/stm32f0xx_tim.o
 .debug_frame   0x0000109c       0x40 ./system/src/newlib/_exit.o
 .debug_frame   0x000010dc       0x98 ./system/src/newlib/_startup.o
 .debug_frame   0x00001174       0x50 ./system/src/newlib/_syscalls.o
 .debug_frame   0x000011c4       0x40 ./system/src/cortexm/_initialize_hardware.o
 .debug_frame   0x00001204       0x28 ./system/src/cortexm/_reset_hardware.o
 .debug_frame   0x0000122c       0xa0 ./system/src/cortexm/exception_handlers.o
 .debug_frame   0x000012cc       0x48 ./system/src/cmsis/system_stm32f0xx.o
 .debug_frame   0x00001314       0x28 ./system/src/cmsis/vectors_stm32f0xx.o
 .debug_frame   0x0000133c       0x3c ./src/algorithm.o
 .debug_frame   0x00001378       0x68 ./src/config.o
 .debug_frame   0x000013e0       0xa8 ./src/main.o
 .debug_frame   0x00001488       0x20 m:/developing/codebench lite/bin/../lib/gcc/arm-none-eabi/4.8.1/armv6-m\libgcc.a(_udivsi3.o)
 .debug_frame   0x000014a8       0x20 m:/developing/codebench lite/bin/../lib/gcc/arm-none-eabi/4.8.1/armv6-m\libgcc.a(_divsi3.o)
 .debug_frame   0x000014c8       0x2c m:/developing/codebench lite/bin/../lib/gcc/arm-none-eabi/4.8.1/armv6-m\libgcc.a(_fixunsdfsi.o)
 .debug_frame   0x000014f4       0x2c m:/developing/codebench lite/bin/../lib/gcc/arm-none-eabi/4.8.1/armv6-m\libgcc.a(eqsf2.o)
 .debug_frame   0x00001520       0x30 m:/developing/codebench lite/bin/../lib/gcc/arm-none-eabi/4.8.1/armv6-m\libgcc.a(gesf2.o)
 .debug_frame   0x00001550       0x30 m:/developing/codebench lite/bin/../lib/gcc/arm-none-eabi/4.8.1/armv6-m\libgcc.a(lesf2.o)
 .debug_frame   0x00001580       0x3c m:/developing/codebench lite/bin/../lib/gcc/arm-none-eabi/4.8.1/armv6-m\libgcc.a(divdf3.o)
 .debug_frame   0x000015bc       0x3c m:/developing/codebench lite/bin/../lib/gcc/arm-none-eabi/4.8.1/armv6-m\libgcc.a(muldf3.o)
 .debug_frame   0x000015f8       0x3c m:/developing/codebench lite/bin/../lib/gcc/arm-none-eabi/4.8.1/armv6-m\libgcc.a(subdf3.o)
 .debug_frame   0x00001634       0x2c m:/developing/codebench lite/bin/../lib/gcc/arm-none-eabi/4.8.1/armv6-m\libgcc.a(fixdfsi.o)
 .debug_frame   0x00001660       0x30 m:/developing/codebench lite/bin/../lib/gcc/arm-none-eabi/4.8.1/armv6-m\libgcc.a(floatsidf.o)
 .debug_frame   0x00001690       0x30 m:/developing/codebench lite/bin/../lib/gcc/arm-none-eabi/4.8.1/armv6-m\libgcc.a(truncdfsf2.o)
 .debug_frame   0x000016c0       0x3c m:/developing/codebench lite/bin/../lib/gcc/arm-none-eabi/4.8.1/armv6-m\libgcc.a(eqdf2.o)
 .debug_frame   0x000016fc       0x38 m:/developing/codebench lite/bin/../lib/gcc/arm-none-eabi/4.8.1/armv6-m\libgcc.a(gedf2.o)
 .debug_frame   0x00001734       0x3c m:/developing/codebench lite/bin/../lib/gcc/arm-none-eabi/4.8.1/armv6-m\libgcc.a(ledf2.o)

.debug_str      0x00000000     0x2814
 *(.debug_str)
 .debug_str     0x00000000      0x5ac ./system/src/stm32f0-stdperiph/stm32f0xx_adc.o
                                0x5fa (size before relaxing)
 .debug_str     0x000005ac      0x294 ./system/src/stm32f0-stdperiph/stm32f0xx_dac.o
                                0x461 (size before relaxing)
 .debug_str     0x00000840      0x202 ./system/src/stm32f0-stdperiph/stm32f0xx_dma.o
                                0x3bf (size before relaxing)
 .debug_str     0x00000a42      0x30d ./system/src/stm32f0-stdperiph/stm32f0xx_gpio.o
                                0x4c6 (size before relaxing)
 .debug_str     0x00000d4f      0x152 ./system/src/stm32f0-stdperiph/stm32f0xx_misc.o
                                0x315 (size before relaxing)
 .debug_str     0x00000ea1      0x54e ./system/src/stm32f0-stdperiph/stm32f0xx_rcc.o
                                0x78e (size before relaxing)
 .debug_str     0x000013ef      0xbaf ./system/src/stm32f0-stdperiph/stm32f0xx_tim.o
                                0xe20 (size before relaxing)
 .debug_str     0x00001f9e       0x56 ./system/src/newlib/_exit.o
                                0x1b3 (size before relaxing)
 .debug_str     0x00001ff4      0x173 ./system/src/newlib/_startup.o
                                0x2f8 (size before relaxing)
 .debug_str     0x00002167       0x5a ./system/src/newlib/_syscalls.o
                                0x1e0 (size before relaxing)
 .debug_str     0x000021c1       0x4e ./system/src/cortexm/_initialize_hardware.o
                                0x1d8 (size before relaxing)
 .debug_str     0x0000220f       0x45 ./system/src/cortexm/_reset_hardware.o
                                0x1eb (size before relaxing)
 .debug_str     0x00002254       0xb0 ./system/src/cortexm/exception_handlers.o
                                0x222 (size before relaxing)
 .debug_str     0x00002304       0x67 ./system/src/cmsis/system_stm32f0xx.o
                                0x29f (size before relaxing)
 .debug_str     0x0000236b       0x56 ./system/src/cmsis/vectors_stm32f0xx.o
                                0x1ae (size before relaxing)
 .debug_str     0x000023c1       0x60 ./src/algorithm.o
                                0x12b (size before relaxing)
 .debug_str     0x00002421      0x25c ./src/config.o
                                0xb8e (size before relaxing)
 .debug_str     0x0000267d      0x177 ./src/main.o
                                0x9ee (size before relaxing)
 .debug_str     0x000027f4       0x20 ./src/resources.o
                                0x1ae (size before relaxing)

.debug_loc      0x00000000     0x3575
 *(.debug_loc)
 .debug_loc     0x00000000      0x3ef ./system/src/stm32f0-stdperiph/stm32f0xx_adc.o
 .debug_loc     0x000003ef      0x500 ./system/src/stm32f0-stdperiph/stm32f0xx_dac.o
 .debug_loc     0x000008ef      0x172 ./system/src/stm32f0-stdperiph/stm32f0xx_dma.o
 .debug_loc     0x00000a61      0x2bc ./system/src/stm32f0-stdperiph/stm32f0xx_gpio.o
 .debug_loc     0x00000d1d       0xc7 ./system/src/stm32f0-stdperiph/stm32f0xx_misc.o
 .debug_loc     0x00000de4      0x804 ./system/src/stm32f0-stdperiph/stm32f0xx_rcc.o
 .debug_loc     0x000015e8     0x1a7a ./system/src/stm32f0-stdperiph/stm32f0xx_tim.o
 .debug_loc     0x00003062       0x21 ./system/src/newlib/_exit.o
 .debug_loc     0x00003083      0x2a4 ./system/src/newlib/_startup.o
 .debug_loc     0x00003327       0x63 ./system/src/newlib/_syscalls.o
 .debug_loc     0x0000338a       0xf7 ./system/src/cmsis/system_stm32f0xx.o
 .debug_loc     0x00003481       0xb2 ./src/algorithm.o
 .debug_loc     0x00003533       0x42 ./src/main.o

.debug_macinfo
 *(.debug_macinfo)

.debug_weaknames
 *(.debug_weaknames)

.debug_funcnames
 *(.debug_funcnames)

.debug_typenames
 *(.debug_typenames)

.debug_varnames
 *(.debug_varnames)
OUTPUT(stmf0sinewaveadc3.elf elf32-littlearm)

.debug_ranges   0x00000000      0x8d0
 .debug_ranges  0x00000000       0xf8 ./system/src/stm32f0-stdperiph/stm32f0xx_adc.o
 .debug_ranges  0x000000f8       0x90 ./system/src/stm32f0-stdperiph/stm32f0xx_dac.o
 .debug_ranges  0x00000188       0x60 ./system/src/stm32f0-stdperiph/stm32f0xx_dma.o
 .debug_ranges  0x000001e8       0x70 ./system/src/stm32f0-stdperiph/stm32f0xx_gpio.o
 .debug_ranges  0x00000258       0x20 ./system/src/stm32f0-stdperiph/stm32f0xx_misc.o
 .debug_ranges  0x00000278      0x150 ./system/src/stm32f0-stdperiph/stm32f0xx_rcc.o
 .debug_ranges  0x000003c8      0x310 ./system/src/stm32f0-stdperiph/stm32f0xx_tim.o
 .debug_ranges  0x000006d8       0x18 ./system/src/newlib/_exit.o
 .debug_ranges  0x000006f0       0x60 ./system/src/newlib/_startup.o
 .debug_ranges  0x00000750       0x20 ./system/src/newlib/_syscalls.o
 .debug_ranges  0x00000770       0x18 ./system/src/cortexm/_initialize_hardware.o
 .debug_ranges  0x00000788       0x10 ./system/src/cortexm/_reset_hardware.o
 .debug_ranges  0x00000798       0x40 ./system/src/cortexm/exception_handlers.o
 .debug_ranges  0x000007d8       0x30 ./system/src/cmsis/system_stm32f0xx.o
 .debug_ranges  0x00000808       0x10 ./system/src/cmsis/vectors_stm32f0xx.o
 .debug_ranges  0x00000818       0x18 ./src/algorithm.o
 .debug_ranges  0x00000830       0x20 ./src/config.o
 .debug_ranges  0x00000850       0x80 ./src/main.o
